[    2415ms] [INFO] %cDownload the React DevTools for a better development experience: https://react.dev/link/react-devtools font-weight:bold @ http://localhost:3000/_next/static/chunks/node_modules_next_dist_115brz8._.js:2431
[    2609ms] [LOG] [HMR] connected @ http://localhost:3000/_next/static/chunks/node_modules_next_dist_115brz8._.js:2431
[    2695ms] [ERROR] Encountered a script tag while rendering React component. Scripts inside React components are never executed when rendering on the client. Consider using template tag instead (https://developer.mozilla.org/en-US/docs/Web/HTML/Element/template). @ http://localhost:3000/_next/static/chunks/node_modules_next_dist_115brz8._.js:3272
[    3225ms] Error: Hydration failed because the server rendered text didn't match the client. As a result this tree will be regenerated on the client. This can happen if a SSR-ed Client Component used:

- A server/client branch `if (typeof window !== 'undefined')`.
- Variable input such as `Date.now()` or `Math.random()` which changes each time it's called.
- Date formatting in a user's locale which doesn't match the server.
- External changing data without sending a snapshot of it along with the HTML.
- Invalid HTML tag nesting.

It can also happen if the client has a browser extension installed which messes with the HTML before React loaded.

https://react.dev/link/hydration-mismatch

  ...
    <RedirectErrorBoundary router={{...}}>
      <InnerLayoutRouter url="/" tree={[...]} params={{}} cacheNode={{rsc:{...}, ...}} segmentPath={[...]} ...>
        <SegmentViewNode type="page" pagePath="page.tsx">
          <SegmentTrieNode>
          <ClientPageRoot Component={function Home} serverProvidedParams={{...}}>
            <Home params={Promise} searchParams={Promise}>
              <div className="min-h-scre...">
                <Navbar>
                <Hero>
                  <section id="hero" className="relative o...">
                    <PatternBackground pattern="organic" opacity={0.06}>
                      <div className={"absolute..."} style={{opacity:0.06}}>
                        <svg className="w-full h-full">
                          <defs>
                            <pattern id="organic" x="0" y="0" width="150" height="150" patternUnits="userSpaceO...">
                              <path
                                d="M0,75 Q37.5,25 75,75 T150,75"
+                               stroke="#3B82F6"
-                               stroke="#10B981"
                                strokeWidth="2"
                                fill="none"
                                opacity="0.3"
                              >
                              <path
                                d="M0,100 Q37.5,50 75,100 T150,100"
+                               stroke="#3B82F6"
-                               stroke="#10B981"
                                strokeWidth="1.5"
                                fill="none"
                                opacity="0.25"
                              >
                              <circle
                                cx="37.5"
                                cy="50"
                                r="4"
+                               fill="#3B82F6"
-                               fill="#10B981"
                                opacity="0.3"
                              >
                              <circle
                                cx="112.5"
                                cy="50"
                                r="3"
+                               fill="#3B82F6"
-                               fill="#10B981"
                                opacity="0.25"
                              >
                          ...
                    ...
                <WhoAmI>
                  <section id="about" className="relative p...">
                    <PatternBackground pattern="geometric" opacity={0.05}>
                      <div className={"absolute..."} style={{opacity:0.05}}>
                        <svg className="w-full h-full">
                          <defs>
                            <pattern id="geometric" x="0" y="0" width="80" height="80" patternUnits="userSpaceO...">
                              <rect
                                x="8"
                                y="8"
                                width="25"
                                height="25"
+                               stroke="#3B82F6"
-                               stroke="#10B981"
                                strokeWidth="2"
                                fill="none"
                                opacity="0.5"
                              >
                              <circle
                                cx="60"
                                cy="60"
                                r="18"
+                               stroke="#3B82F6"
-                               stroke="#10B981"
                                strokeWidth="2"
                                fill="none"
                                opacity="0.45"
                              >
                              <polygon
                                points="60,18 72,38 48,38"
+                               stroke="#3B82F6"
-                               stroke="#10B981"
                                strokeWidth="2"
                                fill="none"
                                opacity="0.48"
                              >
                              <line
                                x1="8"
                                y1="60"
                                x2="33"
                                y2="60"
+                               stroke="#3B82F6"
-                               stroke="#10B981"
                                strokeWidth="1.5"
                                opacity="0.4"
                              >
                              <line
                                x1="60"
                                y1="8"
                                x2="60"
                                y2="33"
+                               stroke="#3B82F6"
-                               stroke="#10B981"
                                strokeWidth="1.5"
                                opacity="0.4"
                              >
                              <circle
                                cx="40"
                                cy="40"
                                r="3"
+                               fill="#3B82F6"
-                               fill="#10B981"
                                opacity="0.5"
                              >
                          ...
                    ...
                      <PopChild pop={false} isPresent={true} anchorX="left" anchorY="top" root={undefined}>
                        <PopChildMeasure isPresent={true} childRef={{current:null}} sizeRef={{...}} pop={false}>
                          <motion.p initial={{opacity:0,y:5}} animate={{opacity:1,y:0}} exit={{opacity:0,y:-5}} ...>
                            <p className="text-xs fo..." style={{opacity:0, ...}} ref={function useMotionRef.useCallback}>
+                             Swimming
-                             Coding
                              ...
                ...
        ...
      ...

    at throwOnHydrationMismatch (http://localhost:3000/_next/static/chunks/node_modules_next_dist_compiled_react-dom_058-ah~._.js:3318:56)
    at completeWork (http://localhost:3000/_next/static/chunks/node_modules_next_dist_compiled_react-dom_058-ah~._.js:7021:36)
    at runWithFiberInDEV (http://localhost:3000/_next/static/chunks/node_modules_next_dist_compiled_react-dom_058-ah~._.js:965:74)
    at completeUnitOfWork (http://localhost:3000/_next/static/chunks/node_modules_next_dist_compiled_react-dom_058-ah~._.js:9622:23)
    at performUnitOfWork (http://localhost:3000/_next/static/chunks/node_modules_next_dist_compiled_react-dom_058-ah~._.js:9557:28)
    at workLoopConcurrentByScheduler (http://localhost:3000/_next/static/chunks/node_modules_next_dist_compiled_react-dom_058-ah~._.js:9551:58)
    at renderRootConcurrent (http://localhost:3000/_next/static/chunks/node_modules_next_dist_compiled_react-dom_058-ah~._.js:9534:71)
    at performWorkOnRoot (http://localhost:3000/_next/static/chunks/node_modules_next_dist_compiled_react-dom_058-ah~._.js:9061:150)
    at performWorkOnRootViaSchedulerTask (http://localhost:3000/_next/static/chunks/node_modules_next_dist_compiled_react-dom_058-ah~._.js:10255:9)
    at MessagePort.performWorkUntilDeadline (http://localhost:3000/_next/static/chunks/node_modules_next_dist_compiled_0rpq4pf._.js:2647:64)
[    3130ms] [LOG] [Fast Refresh] rebuilding @ http://localhost:3000/_next/static/chunks/node_modules_next_dist_115brz8._.js:2431
[    3536ms] [LOG] %c[Vercel Web Analytics]%c Debug mode is enabled by default in development. No requests will be sent to the server. color: rgb(120, 120, 120) color: inherit @ http://localhost:3000/_next/static/chunks/node_modules_next_dist_115brz8._.js:2431
[    3537ms] [LOG] %c[Vercel Web Analytics]%c [view] http://localhost:3000/ color: rgb(120, 120, 120) color: inherit {o: http://localhost:3000/, sv: 0.1.3, sdkn: @vercel/analytics/react, sdkv: 2.0.1, ts: 1777806622563} /_vercel/insights/view @ http://localhost:3000/_next/static/chunks/node_modules_next_dist_115brz8._.js:2431
[    5779ms] [LOG] [Fast Refresh] done in 3141ms @ http://localhost:3000/_next/static/chunks/node_modules_next_dist_115brz8._.js:2431
[   11368ms] [LOG] [Fast Refresh] rebuilding @ http://localhost:3000/_next/static/chunks/node_modules_next_dist_115brz8._.js:2431
[   11984ms] [LOG] [Fast Refresh] done in 718ms @ http://localhost:3000/_next/static/chunks/node_modules_next_dist_115brz8._.js:2431
[   47287ms] [WARNING] [DEPRECATED] Use `createWithEqualityFn` instead of `create` or use `useStoreWithEqualityFn` instead of `useStore`. They can be imported from 'zustand/traditional'. https://github.com/pmndrs/zustand/discussions/1937 @ https://app.cal.com/_next/static/chunks/0j_1ur60oqi-6.js:8
[   47300ms] [LOG] [Fast Refresh] rebuilding @ http://localhost:3000/_next/static/chunks/node_modules_next_dist_115brz8._.js:2431
[   48149ms] [LOG] [Fast Refresh] done in 949ms @ http://localhost:3000/_next/static/chunks/node_modules_next_dist_115brz8._.js:2431
[   50287ms] [WARNING] The resource https://app.cal.com/_next/static/media/CalSansUI%5Bwght%2CGEOM%5D-s.p.17~pqx5aww0vr.woff2 was preloaded using link preload but not used within a few seconds from the window's load event. Please make sure it has an appropriate `as` value and it is preloaded intentionally. @ https://app.cal.com/krenil-patel-0050/30min/embed?layout=month_view&theme=dark&embedType=modal&ui.color-scheme=dark&embed=30min:0
[   57200ms] [LOG] [Fast Refresh] rebuilding @ http://localhost:3000/_next/static/chunks/node_modules_next_dist_115brz8._.js:2431
[   57301ms] [LOG] [Fast Refresh] done in 203ms @ http://localhost:3000/_next/static/chunks/node_modules_next_dist_115brz8._.js:2431
[   69687ms] [WARNING] The resource https://app.cal.com/_next/static/media/CalSansUI%5Bwght%2CGEOM%5D-s.p.17~pqx5aww0vr.woff2 was preloaded using link preload but not used within a few seconds from the window's load event. Please make sure it has an appropriate `as` value and it is preloaded intentionally. @ https://app.cal.com/krenil-patel-0050/30min/embed?layout=month_view&theme=dark&embedType=modal&ui.color-scheme=dark&embed=30min:0
[   79409ms] [LOG] [Fast Refresh] rebuilding @ http://localhost:3000/_next/static/chunks/node_modules_next_dist_115brz8._.js:2431
[   79620ms] [LOG] [Fast Refresh] done in 312ms @ http://localhost:3000/_next/static/chunks/node_modules_next_dist_115brz8._.js:2431
[   80013ms] [INFO] %cDownload the React DevTools for a better development experience: https://react.dev/link/react-devtools font-weight:bold @ http://localhost:3000/_next/static/chunks/node_modules_next_dist_115brz8._.js:2431
[   80055ms] [LOG] [HMR] connected @ http://localhost:3000/_next/static/chunks/node_modules_next_dist_115brz8._.js:2431
[   80102ms] [ERROR] Encountered a script tag while rendering React component. Scripts inside React components are never executed when rendering on the client. Consider using template tag instead (https://developer.mozilla.org/en-US/docs/Web/HTML/Element/template). @ http://localhost:3000/_next/static/chunks/node_modules_next_dist_115brz8._.js:3272
[   80239ms] Error: Hydration failed because the server rendered text didn't match the client. As a result this tree will be regenerated on the client. This can happen if a SSR-ed Client Component used:

- A server/client branch `if (typeof window !== 'undefined')`.
- Variable input such as `Date.now()` or `Math.random()` which changes each time it's called.
- Date formatting in a user's locale which doesn't match the server.
- External changing data without sending a snapshot of it along with the HTML.
- Invalid HTML tag nesting.

It can also happen if the client has a browser extension installed which messes with the HTML before React loaded.

https://react.dev/link/hydration-mismatch

  ...
    <SegmentViewNode type="layout" pagePath="layout.tsx">
      <SegmentTrieNode>
      <link>
      <script>
      <script>
      <script>
      <RootLayout>
        <html lang="en" suppressHydrationWarning={true} data-scroll-behavior="smooth" className="dm_sans_10...">
          <body>
            <J attribute="class" defaultTheme="dark" enableSystem={false}>
              <V attribute="class" defaultTheme="dark" enableSystem={false}>
                <script>
                <VibeThemeProvider>
                  <SmoothScrollProvider>
                    ...
                      <main className="relative m...">
                        <PatternBackground pattern="dots" opacity={0.05}>
                          <div className={"absolute..."} style={{opacity:0.05}}>
                            <svg className="w-full h-full">
                              <defs>
                                <pattern id="dots" x="0" y="0" width="20" height="20" patternUnits="userSpaceO...">
                                  <circle
                                    cx="2"
                                    cy="2"
                                    r="1.5"
+                                   fill="#3B82F6"
-                                   fill="#10B981"
                                  >
                              ...
                        ...
                    <FloatingVibeToggle>
                      <div className="fixed bott...">
                        <div className="relative">
                          <motion.button onClick={function nextVibe} onMouseEnter={function onMouseEnter} ...>
                            <button
                              onClick={function nextVibe}
                              onMouseEnter={function onMouseEnter}
                              onMouseLeave={function onMouseLeave}
                              className="flex items-center gap-3 px-5 py-3 rounded-full shadow-xl transition-all backd..."
                              title=""
                              tabIndex={0}
                              style={{
+                               background: "linear-gradient(135deg, #3B82F6, #0EA5E9)"
+                               boxShadow: "0 8px 24px #3B82F660"
-                               background-image: "linear-gradient(135deg, rgb(16, 185, 129), rgb(6, 182, 212))"
-                               background-position-x: "initial"
-                               background-position-y: "initial"
-                               background-size: "initial"
-                               background-repeat: "initial"
-                               background-attachment: "initial"
-                               background-origin: "initial"
-                               background-clip: "initial"
-                               background-color: "initial"
-                               box-shadow: "rgba(16, 185, 129, 0.376) 0px 8px 24px"
                              }}
                              ref={function useMotionRef.useCallback}
                            >
                              <span className="text-2xl">
+                               🏊
-                               💻
                              ...
                  ...
            ...

    at throwOnHydrationMismatch (http://localhost:3000/_next/static/chunks/node_modules_next_dist_compiled_react-dom_058-ah~._.js:3318:56)
    at prepareToHydrateHostInstance (http://localhost:3000/_next/static/chunks/node_modules_next_dist_compiled_react-dom_058-ah~._.js:3372:23)
    at completeWork (http://localhost:3000/_next/static/chunks/node_modules_next_dist_compiled_react-dom_058-ah~._.js:6922:60)
    at runWithFiberInDEV (http://localhost:3000/_next/static/chunks/node_modules_next_dist_compiled_react-dom_058-ah~._.js:965:74)
    at completeUnitOfWork (http://localhost:3000/_next/static/chunks/node_modules_next_dist_compiled_react-dom_058-ah~._.js:9622:23)
    at performUnitOfWork (http://localhost:3000/_next/static/chunks/node_modules_next_dist_compiled_react-dom_058-ah~._.js:9557:28)
    at workLoopConcurrentByScheduler (http://localhost:3000/_next/static/chunks/node_modules_next_dist_compiled_react-dom_058-ah~._.js:9551:58)
    at renderRootConcurrent (http://localhost:3000/_next/static/chunks/node_modules_next_dist_compiled_react-dom_058-ah~._.js:9534:71)
    at performWorkOnRoot (http://localhost:3000/_next/static/chunks/node_modules_next_dist_compiled_react-dom_058-ah~._.js:9061:150)
    at performWorkOnRootViaSchedulerTask (http://localhost:3000/_next/static/chunks/node_modules_next_dist_compiled_react-dom_058-ah~._.js:10255:9)
    at MessagePort.performWorkUntilDeadline (http://localhost:3000/_next/static/chunks/node_modules_next_dist_compiled_0rpq4pf._.js:2647:64)
[   80170ms] [WARNING] Image with src "/images/projects/viewvoice_float.webp" has "fill" but is missing "sizes" prop. Please add it to improve page performance. Read more: https://nextjs.org/docs/api-reference/next/image#sizes @ http://localhost:3000/_next/static/chunks/node_modules_next_dist_115brz8._.js:2431
[   80172ms] [WARNING] Image with src "/images/projects/labelflow_feature.webp" has "fill" but is missing "sizes" prop. Please add it to improve page performance. Read more: https://nextjs.org/docs/api-reference/next/image#sizes @ http://localhost:3000/_next/static/chunks/node_modules_next_dist_115brz8._.js:2431
[   80227ms] [WARNING] Image with src "/images/projects/neighborlyhubdark_float.webp" has "fill" but is missing "sizes" prop. Please add it to improve page performance. Read more: https://nextjs.org/docs/api-reference/next/image#sizes @ http://localhost:3000/_next/static/chunks/node_modules_next_dist_115brz8._.js:2431
[   80227ms] [WARNING] Image with src "/images/projects/training.webp" has "fill" but is missing "sizes" prop. Please add it to improve page performance. Read more: https://nextjs.org/docs/api-reference/next/image#sizes @ http://localhost:3000/_next/static/chunks/node_modules_next_dist_115brz8._.js:2431
[   80231ms] [WARNING] Image with src "/images/projects/agency/sports.webp" has "fill" but is missing "sizes" prop. Please add it to improve page performance. Read more: https://nextjs.org/docs/api-reference/next/image#sizes @ http://localhost:3000/_next/static/chunks/node_modules_next_dist_115brz8._.js:2431
[   80232ms] [WARNING] Image with src "/images/projects/agency/goodkit.webp" has "fill" but is missing "sizes" prop. Please add it to improve page performance. Read more: https://nextjs.org/docs/api-reference/next/image#sizes @ http://localhost:3000/_next/static/chunks/node_modules_next_dist_115brz8._.js:2431
[   80232ms] [LOG] %c[Vercel Web Analytics]%c Debug mode is enabled by default in development. No requests will be sent to the server. color: rgb(120, 120, 120) color: inherit @ http://localhost:3000/_next/static/chunks/node_modules_next_dist_115brz8._.js:2431
[   80232ms] [LOG] %c[Vercel Web Analytics]%c [view] http://localhost:3000/projects color: rgb(120, 120, 120) color: inherit {o: http://localhost:3000/projects, sv: 0.1.3, sdkn: @vercel/analytics/react, sdkv: 2.0.1, ts: 1777806699259} /_vercel/insights/view @ http://localhost:3000/_next/static/chunks/node_modules_next_dist_115brz8._.js:2431
[   80244ms] [WARNING] Image with src "/images/projects/agency/trafalgar.webp" has "fill" but is missing "sizes" prop. Please add it to improve page performance. Read more: https://nextjs.org/docs/api-reference/next/image#sizes @ http://localhost:3000/_next/static/chunks/node_modules_next_dist_115brz8._.js:2431
[   80256ms] [WARNING] Image with src "/images/projects/agency/portfolio_V1.webp" has "fill" but is missing "sizes" prop. Please add it to improve page performance. Read more: https://nextjs.org/docs/api-reference/next/image#sizes @ http://localhost:3000/_next/static/chunks/node_modules_next_dist_115brz8._.js:2431
[   80332ms] [LOG] [Fast Refresh] rebuilding @ http://localhost:3000/_next/static/chunks/node_modules_next_dist_115brz8._.js:2431
[   80418ms] [WARNING] Image with src "/images/projects/viewvoice_float.webp" was detected as the Largest Contentful Paint (LCP). Please add the `loading="eager"` property if this image is above the fold.
Read more: https://nextjs.org/docs/app/api-reference/components/image#loading @ http://localhost:3000/_next/static/chunks/node_modules_next_dist_115brz8._.js:2431
[   80900ms] [LOG] [Fast Refresh] done in 669ms @ http://localhost:3000/_next/static/chunks/node_modules_next_dist_115brz8._.js:2431
[   81075ms] [WARNING] Image with src "/images/projects/labelflow_feature.webp" was detected as the Largest Contentful Paint (LCP). Please add the `loading="eager"` property if this image is above the fold.
Read more: https://nextjs.org/docs/app/api-reference/components/image#loading @ http://localhost:3000/_next/static/chunks/node_modules_next_dist_115brz8._.js:2431
[   81201ms] [LOG] [Fast Refresh] rebuilding @ http://localhost:3000/_next/static/chunks/node_modules_next_dist_115brz8._.js:2431
[   81285ms] [LOG] [Fast Refresh] done in 184ms @ http://localhost:3000/_next/static/chunks/node_modules_next_dist_115brz8._.js:2431
